main :- repSep(block,ws).
alpha :- ([a-z]|[A-Z]|"_").
alphaNum :- (alpha|num).
block :- ["main",ws,blockBody].
blockBody :- ["{",ws,repSep(instr,';'),ws,"}"].
comment :- ["//",repSep(commentChar,"")].
commentChar :- ^'\n'.
const :- int.
ident :- [alpha,repSep((alphaNum|"."),"")].
instr :- valueInstr.
int :- [[0-9],repSep([0-9],"")].
label :- ident.
num :- [0-9].
rvalue :- (call|const).
spaces :- repSep(" ","").
valueInstr :- [([ident,ws,"=",ws]|""),rvalue].
ws :- repSep([spaces,(comment|"")],"\n").