( 0 <main> repsep 0-6 | ( 0 rep any 0-1 ) : ( 0 rep any 1-2 ) : ( 0 rep any 2-3 ) : ( 0 rep any 3-4 ) : ( 0 rep any 4-5 ) : ( 0 rep any 5-6 ) )